{
    "a": {
        "bar": [
            1,
            2,
            3
        ]
    },
    "b": [
        1,
        2,
        3
    ],
    "c": [
        "1",
        "2"
    ],
    "d": "hello",
    "e": 1,
    "f": true,
    "g": null
}
